Component: ARM Compiler 5.06 update 7 (build 960) Tool: armlink [4d3601]

==============================================================================

Section Cross References

    principal.o(i.UART_Print) refers to myuart.o(i.UART_Send) for UART_Send
    principal.o(i.UART_Print) refers to myuart.o(i.UART_Receive) for UART_Receive
    principal.o(i.UART_Print) refers to myuart.o(i.UART_Send_Str) for UART_Send_Str
    principal.o(i.UART_Print) refers to principal.o(.data) for data
    principal.o(i.main) refers to drivergirouette.o(i.init_Incrementation) for init_Incrementation
    principal.o(i.main) refers to drivervoiles.o(i.initGPIOTimerPWM) for initGPIOTimerPWM
    principal.o(i.main) refers to plateau.o(i.plateau_Init) for plateau_Init
    principal.o(i.main) refers to myuart.o(i.UART_Init) for UART_Init
    principal.o(i.main) refers to principal.o(i.UART_Print) for UART_Print
    principal.o(i.main) refers to principal.o(i.updateRapport) for updateRapport
    principal.o(i.main) refers to voiles.o(i.controleVoiles) for controleVoiles
    principal.o(i.main) refers to principal.o(.data) for USART
    principal.o(i.updateRapport) refers to myuart.o(i.UART_Receive) for UART_Receive
    principal.o(i.updateRapport) refers to fflti.o(.text) for __aeabi_i2f
    principal.o(i.updateRapport) refers to cfrcmple.o(.text) for __aeabi_cfrcmple
    principal.o(i.updateRapport) refers to mygpio.o(i.MyGPIO_Reset) for MyGPIO_Reset
    principal.o(i.updateRapport) refers to ffixi.o(.text) for __aeabi_f2iz
    principal.o(i.updateRapport) refers to mytimer.o(i.set_pulse_pwm_CH2) for set_pulse_pwm_CH2
    principal.o(i.updateRapport) refers to mygpio.o(i.MyGPIO_Set) for MyGPIO_Set
    principal.o(i.updateRapport) refers to fmul.o(.text) for __aeabi_fmul
    principal.o(i.updateRapport) refers to principal.o(.data) for USART
    principal.o(.data) refers to principal.o(.conststring) for .conststring
    drivervoiles.o(i.controleServoMoteur) refers to drivervoiles.o(i.angleToRapportCyclique) for angleToRapportCyclique
    drivervoiles.o(i.controleServoMoteur) refers to mytimer.o(i.set_pulse_pwm_CH3) for set_pulse_pwm_CH3
    drivervoiles.o(i.initGPIOTimerPWM) refers to mygpio.o(i.MyGPIO_Init) for MyGPIO_Init
    drivervoiles.o(i.initGPIOTimerPWM) refers to mytimer.o(i.MyTimer_Base_Init) for MyTimer_Base_Init
    drivervoiles.o(i.initGPIOTimerPWM) refers to mytimer.o(i.MyTimer_PWM) for MyTimer_PWM
    drivervoiles.o(i.initGPIOTimerPWM) refers to drivervoiles.o(.data) for GPIO_B8
    mygpio.o(i.MyGPIO_Toggle) refers to mygpio.o(i.MyGPIO_Read) for MyGPIO_Read
    mygpio.o(i.MyGPIO_Toggle) refers to mygpio.o(i.MyGPIO_Set) for MyGPIO_Set
    mygpio.o(i.MyGPIO_Toggle) refers to mygpio.o(i.MyGPIO_Reset) for MyGPIO_Reset
    mytimer.o(i.MyTimer_ActiveIT) refers to mytimer.o(i.__NVIC_EnableIRQ) for __NVIC_EnableIRQ
    mytimer.o(i.MyTimer_ActiveIT) refers to mytimer.o(i.__NVIC_SetPriority) for __NVIC_SetPriority
    mytimer.o(i.MyTimer_ActiveIT) refers to mytimer.o(i.TIM1_CC_IRQHandler) for TIM1_CC_IRQHandler
    mytimer.o(i.MyTimer_ActiveIT) refers to mytimer.o(i.TIM2_IRQHandler) for TIM2_IRQHandler
    mytimer.o(i.MyTimer_ActiveIT) refers to mytimer.o(i.TIM3_IRQHandler) for TIM3_IRQHandler
    mytimer.o(i.MyTimer_ActiveIT) refers to mytimer.o(i.TIM4_IRQHandler) for TIM4_IRQHandler
    drivergirouette.o(i.init_Incrementation) refers to mygpio.o(i.MyGPIO_Init) for MyGPIO_Init
    drivergirouette.o(i.init_Incrementation) refers to mytimer.o(i.MyTimer_Base_Init) for MyTimer_Base_Init
    drivergirouette.o(i.init_Incrementation) refers to mygpio.o(i.MyGPIO_Read) for MyGPIO_Read
    drivergirouette.o(i.init_Incrementation) refers to drivergirouette.o(.data) for GPIO_A
    myuart.o(i.UART_ActiveIT) refers to myuart.o(i.__NVIC_EnableIRQ) for __NVIC_EnableIRQ
    myuart.o(i.UART_ActiveIT) refers to myuart.o(i.__NVIC_SetPriority) for __NVIC_SetPriority
    myuart.o(i.UART_ActiveIT) refers to myuart.o(.data) for IT_function_UART1
    myuart.o(i.UART_Init) refers to mygpio.o(i.MyGPIO_Init) for MyGPIO_Init
    myuart.o(i.UART_Init) refers to myuart.o(.data) for GPIOA9
    myuart.o(i.UART_Send_Str) refers to myuart.o(i.UART_Send) for UART_Send
    plateau.o(i.plateau_Init) refers to mytimer.o(i.MyTimer_Base_Init) for MyTimer_Base_Init
    plateau.o(i.plateau_Init) refers to mygpio.o(i.MyGPIO_Init) for MyGPIO_Init
    plateau.o(i.plateau_Init) refers to myuart.o(i.UART_Init) for UART_Init
    plateau.o(i.plateau_Init) refers to mytimer.o(i.MyTimer_PWM) for MyTimer_PWM
    voiles.o(i.controleVoiles) refers to drivergirouette.o(i.angleGirouette) for angleGirouette
    voiles.o(i.controleVoiles) refers to drivervoiles.o(i.controleServoMoteur) for controleServoMoteur
    startup_stm32f10x_md.o(RESET) refers to startup_stm32f10x_md.o(STACK) for __initial_sp
    startup_stm32f10x_md.o(RESET) refers to startup_stm32f10x_md.o(.text) for Reset_Handler
    startup_stm32f10x_md.o(RESET) refers to mytimer.o(i.TIM1_CC_IRQHandler) for TIM1_CC_IRQHandler
    startup_stm32f10x_md.o(RESET) refers to mytimer.o(i.TIM2_IRQHandler) for TIM2_IRQHandler
    startup_stm32f10x_md.o(RESET) refers to mytimer.o(i.TIM3_IRQHandler) for TIM3_IRQHandler
    startup_stm32f10x_md.o(RESET) refers to mytimer.o(i.TIM4_IRQHandler) for TIM4_IRQHandler
    startup_stm32f10x_md.o(.text) refers to system_stm32f10x.o(i.SystemInit) for SystemInit
    startup_stm32f10x_md.o(.text) refers to entry.o(.ARM.Collect$$$$00000000) for __main
    system_stm32f10x.o(i.SetSysClock) refers to system_stm32f10x.o(i.SetSysClockTo72) for SetSysClockTo72
    system_stm32f10x.o(i.SystemCoreClockUpdate) refers to system_stm32f10x.o(.data) for SystemCoreClock
    system_stm32f10x.o(i.SystemInit) refers to system_stm32f10x.o(i.SetSysClock) for SetSysClock
    entry.o(.ARM.Collect$$$$00000000) refers (Special) to entry10a.o(.ARM.Collect$$$$0000000F) for __rt_final_cpp
    entry.o(.ARM.Collect$$$$00000000) refers (Special) to entry11a.o(.ARM.Collect$$$$00000011) for __rt_final_exit
    entry.o(.ARM.Collect$$$$00000000) refers (Special) to entry12b.o(.ARM.Collect$$$$0000000E) for __rt_lib_shutdown_fini
    entry.o(.ARM.Collect$$$$00000000) refers (Special) to entry7b.o(.ARM.Collect$$$$00000008) for _main_clock
    entry.o(.ARM.Collect$$$$00000000) refers (Special) to entry8b.o(.ARM.Collect$$$$0000000A) for _main_cpp_init
    entry.o(.ARM.Collect$$$$00000000) refers (Special) to entry9a.o(.ARM.Collect$$$$0000000B) for _main_init
    entry.o(.ARM.Collect$$$$00000000) refers (Special) to entry5.o(.ARM.Collect$$$$00000004) for _main_scatterload
    entry.o(.ARM.Collect$$$$00000000) refers (Special) to entry2.o(.ARM.Collect$$$$00000001) for _main_stk
    fmul.o(.text) refers (Special) to iusefp.o(.text) for __I$use$fp
    fflti.o(.text) refers (Special) to iusefp.o(.text) for __I$use$fp
    fflti.o(.text) refers to fepilogue.o(.text) for _float_epilogue
    ffixi.o(.text) refers (Special) to iusefp.o(.text) for __I$use$fp
    cfrcmple.o(.text) refers (Special) to iusefp.o(.text) for __I$use$fp
    entry2.o(.ARM.Collect$$$$00000001) refers to entry2.o(.ARM.Collect$$$$00002712) for __lit__00000000
    entry2.o(.ARM.Collect$$$$00002712) refers to startup_stm32f10x_md.o(STACK) for __initial_sp
    entry2.o(__vectab_stack_and_reset_area) refers to startup_stm32f10x_md.o(STACK) for __initial_sp
    entry2.o(__vectab_stack_and_reset_area) refers to entry.o(.ARM.Collect$$$$00000000) for __main
    entry5.o(.ARM.Collect$$$$00000004) refers to init.o(.text) for __scatterload
    entry9a.o(.ARM.Collect$$$$0000000B) refers to principal.o(i.main) for main
    entry9b.o(.ARM.Collect$$$$0000000C) refers to principal.o(i.main) for main
    init.o(.text) refers to entry5.o(.ARM.Collect$$$$00000004) for __main_after_scatterload


==============================================================================

Removing Unused input sections from the image.

    Removing principal.o(.rev16_text), (4 bytes).
    Removing principal.o(.revsh_text), (4 bytes).
    Removing principal.o(.rrx_text), (6 bytes).
    Removing drivervoiles.o(.rev16_text), (4 bytes).
    Removing drivervoiles.o(.revsh_text), (4 bytes).
    Removing drivervoiles.o(.rrx_text), (6 bytes).
    Removing mygpio.o(.rev16_text), (4 bytes).
    Removing mygpio.o(.revsh_text), (4 bytes).
    Removing mygpio.o(.rrx_text), (6 bytes).
    Removing mygpio.o(i.MyGPIO_Toggle), (36 bytes).
    Removing mytimer.o(.rev16_text), (4 bytes).
    Removing mytimer.o(.revsh_text), (4 bytes).
    Removing mytimer.o(.rrx_text), (6 bytes).
    Removing mytimer.o(i.MyTimer_ActiveIT), (140 bytes).
    Removing mytimer.o(i.__NVIC_EnableIRQ), (34 bytes).
    Removing mytimer.o(i.__NVIC_SetPriority), (40 bytes).
    Removing mytimer.o(i.set_pulse_pwm_CH1), (22 bytes).
    Removing mytimer.o(i.set_pulse_pwm_CH4), (24 bytes).
    Removing drivergirouette.o(.rev16_text), (4 bytes).
    Removing drivergirouette.o(.revsh_text), (4 bytes).
    Removing drivergirouette.o(.rrx_text), (6 bytes).
    Removing myuart.o(.rev16_text), (4 bytes).
    Removing myuart.o(.revsh_text), (4 bytes).
    Removing myuart.o(.rrx_text), (6 bytes).
    Removing myuart.o(i.UART_ActiveIT), (120 bytes).
    Removing myuart.o(i.__NVIC_EnableIRQ), (34 bytes).
    Removing myuart.o(i.__NVIC_SetPriority), (40 bytes).
    Removing plateau.o(.rev16_text), (4 bytes).
    Removing plateau.o(.revsh_text), (4 bytes).
    Removing plateau.o(.rrx_text), (6 bytes).
    Removing voiles.o(.rev16_text), (4 bytes).
    Removing voiles.o(.revsh_text), (4 bytes).
    Removing voiles.o(.rrx_text), (6 bytes).
    Removing startup_stm32f10x_md.o(HEAP), (512 bytes).
    Removing system_stm32f10x.o(.rev16_text), (4 bytes).
    Removing system_stm32f10x.o(.revsh_text), (4 bytes).
    Removing system_stm32f10x.o(.rrx_text), (6 bytes).
    Removing system_stm32f10x.o(i.SystemCoreClockUpdate), (164 bytes).
    Removing system_stm32f10x.o(.data), (20 bytes).

39 unused section(s) (total 1312 bytes) removed from the image.

==============================================================================

Image Symbol Table

    Local Symbols

    Symbol Name                              Value     Ov Type        Size  Object(Section)

    ../clib/microlib/init/entry.s            0x00000000   Number         0  entry8a.o ABSOLUTE
    ../clib/microlib/init/entry.s            0x00000000   Number         0  entry7b.o ABSOLUTE
    ../clib/microlib/init/entry.s            0x00000000   Number         0  entry7a.o ABSOLUTE
    ../clib/microlib/init/entry.s            0x00000000   Number         0  entry9b.o ABSOLUTE
    ../clib/microlib/init/entry.s            0x00000000   Number         0  entry5.o ABSOLUTE
    ../clib/microlib/init/entry.s            0x00000000   Number         0  entry9a.o ABSOLUTE
    ../clib/microlib/init/entry.s            0x00000000   Number         0  entry8b.o ABSOLUTE
    ../clib/microlib/init/entry.s            0x00000000   Number         0  entry.o ABSOLUTE
    ../clib/microlib/init/entry.s            0x00000000   Number         0  entry12b.o ABSOLUTE
    ../clib/microlib/init/entry.s            0x00000000   Number         0  entry2.o ABSOLUTE
    ../clib/microlib/init/entry.s            0x00000000   Number         0  entry11b.o ABSOLUTE
    ../clib/microlib/init/entry.s            0x00000000   Number         0  entry11a.o ABSOLUTE
    ../clib/microlib/init/entry.s            0x00000000   Number         0  entry12a.o ABSOLUTE
    ../clib/microlib/init/entry.s            0x00000000   Number         0  entry10b.o ABSOLUTE
    ../clib/microlib/init/entry.s            0x00000000   Number         0  entry10a.o ABSOLUTE
    ../clib/microlib/stubs.s                 0x00000000   Number         0  iusefp.o ABSOLUTE
    ../fplib/microlib/fpepilogue.c           0x00000000   Number         0  fepilogue.o ABSOLUTE
    ../fplib/microlib/fpfix.c                0x00000000   Number         0  ffixi.o ABSOLUTE
    ../fplib/microlib/fpflt.c                0x00000000   Number         0  fflti.o ABSOLUTE
    ../fplib/microlib/fpmul.c                0x00000000   Number         0  fmul.o ABSOLUTE
    Drivers\Source\DriverGirouette.c         0x00000000   Number         0  drivergirouette.o ABSOLUTE
    Drivers\Source\DriverVoiles.c            0x00000000   Number         0  drivervoiles.o ABSOLUTE
    Drivers\Source\MyGPIO.c                  0x00000000   Number         0  mygpio.o ABSOLUTE
    Drivers\Source\MyTimer.c                 0x00000000   Number         0  mytimer.o ABSOLUTE
    Drivers\Source\MyUART.c                  0x00000000   Number         0  myuart.o ABSOLUTE
    Drivers\Source\plateau.c                 0x00000000   Number         0  plateau.o ABSOLUTE
    Drivers\Source\voiles.c                  0x00000000   Number         0  voiles.o ABSOLUTE
    Drivers\\Source\\DriverGirouette.c       0x00000000   Number         0  drivergirouette.o ABSOLUTE
    Drivers\\Source\\DriverVoiles.c          0x00000000   Number         0  drivervoiles.o ABSOLUTE
    Drivers\\Source\\MyGPIO.c                0x00000000   Number         0  mygpio.o ABSOLUTE
    Drivers\\Source\\MyTimer.c               0x00000000   Number         0  mytimer.o ABSOLUTE
    Drivers\\Source\\MyUART.c                0x00000000   Number         0  myuart.o ABSOLUTE
    Drivers\\Source\\plateau.c               0x00000000   Number         0  plateau.o ABSOLUTE
    Drivers\\Source\\voiles.c                0x00000000   Number         0  voiles.o ABSOLUTE
    RTE\Device\STM32F103RB\startup_stm32f10x_md.s 0x00000000   Number         0  startup_stm32f10x_md.o ABSOLUTE
    RTE\Device\STM32F103RB\system_stm32f10x.c 0x00000000   Number         0  system_stm32f10x.o ABSOLUTE
    RTE\\Device\\STM32F103RB\\system_stm32f10x.c 0x00000000   Number         0  system_stm32f10x.o ABSOLUTE
    cfrcmple.s                               0x00000000   Number         0  cfrcmple.o ABSOLUTE
    dc.s                                     0x00000000   Number         0  dc.o ABSOLUTE
    handlers.s                               0x00000000   Number         0  handlers.o ABSOLUTE
    init.s                                   0x00000000   Number         0  init.o ABSOLUTE
    principal.c                              0x00000000   Number         0  principal.o ABSOLUTE
    principal.c                              0x00000000   Number         0  principal.o ABSOLUTE
    RESET                                    0x08000000   Section      236  startup_stm32f10x_md.o(RESET)
    .ARM.Collect$$$$00000000                 0x080000ec   Section        0  entry.o(.ARM.Collect$$$$00000000)
    .ARM.Collect$$$$00000001                 0x080000ec   Section        4  entry2.o(.ARM.Collect$$$$00000001)
    .ARM.Collect$$$$00000004                 0x080000f0   Section        4  entry5.o(.ARM.Collect$$$$00000004)
    .ARM.Collect$$$$00000008                 0x080000f4   Section        0  entry7b.o(.ARM.Collect$$$$00000008)
    .ARM.Collect$$$$0000000A                 0x080000f4   Section        0  entry8b.o(.ARM.Collect$$$$0000000A)
    .ARM.Collect$$$$0000000B                 0x080000f4   Section        8  entry9a.o(.ARM.Collect$$$$0000000B)
    .ARM.Collect$$$$0000000E                 0x080000fc   Section        4  entry12b.o(.ARM.Collect$$$$0000000E)
    .ARM.Collect$$$$0000000F                 0x08000100   Section        0  entry10a.o(.ARM.Collect$$$$0000000F)
    .ARM.Collect$$$$00000011                 0x08000100   Section        0  entry11a.o(.ARM.Collect$$$$00000011)
    .ARM.Collect$$$$00002712                 0x08000100   Section        4  entry2.o(.ARM.Collect$$$$00002712)
    __lit__00000000                          0x08000100   Data           4  entry2.o(.ARM.Collect$$$$00002712)
    .text                                    0x08000104   Section       36  startup_stm32f10x_md.o(.text)
    .text                                    0x08000128   Section        0  fmul.o(.text)
    .text                                    0x0800018c   Section        0  fflti.o(.text)
    .text                                    0x0800019e   Section        0  ffixi.o(.text)
    .text                                    0x080001d0   Section       20  cfrcmple.o(.text)
    .text                                    0x080001e4   Section        0  fepilogue.o(.text)
    .text                                    0x080001e4   Section        0  iusefp.o(.text)
    .text                                    0x08000254   Section       36  init.o(.text)
    i.MyGPIO_Init                            0x08000278   Section        0  mygpio.o(i.MyGPIO_Init)
    i.MyGPIO_Read                            0x080002ce   Section        0  mygpio.o(i.MyGPIO_Read)
    i.MyGPIO_Reset                           0x080002e8   Section        0  mygpio.o(i.MyGPIO_Reset)
    i.MyGPIO_Set                             0x080002f4   Section        0  mygpio.o(i.MyGPIO_Set)
    i.MyTimer_Base_Init                      0x08000300   Section        0  mytimer.o(i.MyTimer_Base_Init)
    i.MyTimer_PWM                            0x080003a0   Section        0  mytimer.o(i.MyTimer_PWM)
    i.SetSysClock                            0x0800041e   Section        0  system_stm32f10x.o(i.SetSysClock)
    SetSysClock                              0x0800041f   Thumb Code     8  system_stm32f10x.o(i.SetSysClock)
    i.SetSysClockTo72                        0x08000428   Section        0  system_stm32f10x.o(i.SetSysClockTo72)
    SetSysClockTo72                          0x08000429   Thumb Code   214  system_stm32f10x.o(i.SetSysClockTo72)
    i.SystemInit                             0x08000508   Section        0  system_stm32f10x.o(i.SystemInit)
    i.TIM1_CC_IRQHandler                     0x08000568   Section        0  mytimer.o(i.TIM1_CC_IRQHandler)
    i.TIM2_IRQHandler                        0x08000580   Section        0  mytimer.o(i.TIM2_IRQHandler)
    i.TIM3_IRQHandler                        0x08000598   Section        0  mytimer.o(i.TIM3_IRQHandler)
    i.TIM4_IRQHandler                        0x080005b0   Section        0  mytimer.o(i.TIM4_IRQHandler)
    i.UART_Init                              0x080005c8   Section        0  myuart.o(i.UART_Init)
    i.UART_Print                             0x08000680   Section        0  principal.o(i.UART_Print)
    i.UART_Receive                           0x080006c0   Section        0  myuart.o(i.UART_Receive)
    i.UART_Send                              0x080006c8   Section        0  myuart.o(i.UART_Send)
    i.UART_Send_Str                          0x080006d8   Section        0  myuart.o(i.UART_Send_Str)
    i.__scatterload_copy                     0x080006f2   Section       14  handlers.o(i.__scatterload_copy)
    i.__scatterload_null                     0x08000700   Section        2  handlers.o(i.__scatterload_null)
    i.__scatterload_zeroinit                 0x08000702   Section       14  handlers.o(i.__scatterload_zeroinit)
    i.angleGirouette                         0x08000710   Section        0  drivergirouette.o(i.angleGirouette)
    i.angleToRapportCyclique                 0x0800071c   Section        0  drivervoiles.o(i.angleToRapportCyclique)
    i.controleServoMoteur                    0x08000730   Section        0  drivervoiles.o(i.controleServoMoteur)
    i.controleVoiles                         0x0800074c   Section        0  voiles.o(i.controleVoiles)
    i.initGPIOTimerPWM                       0x080007a4   Section        0  drivervoiles.o(i.initGPIOTimerPWM)
    i.init_Incrementation                    0x080007c8   Section        0  drivergirouette.o(i.init_Incrementation)
    i.main                                   0x08000848   Section        0  principal.o(i.main)
    i.plateau_Init                           0x080008b0   Section        0  plateau.o(i.plateau_Init)
    i.set_pulse_pwm_CH2                      0x08000914   Section        0  mytimer.o(i.set_pulse_pwm_CH2)
    i.set_pulse_pwm_CH3                      0x08000924   Section        0  mytimer.o(i.set_pulse_pwm_CH3)
    i.updateRapport                          0x0800093c   Section        0  principal.o(i.updateRapport)
    .conststring                             0x080009c8   Section        6  principal.o(.conststring)
    .data                                    0x20000000   Section       53  principal.o(.data)
    .data                                    0x20000038   Section       16  drivervoiles.o(.data)
    .data                                    0x20000048   Section       32  drivergirouette.o(.data)
    .data                                    0x20000068   Section       28  myuart.o(.data)
    STACK                                    0x20000088   Section     1024  startup_stm32f10x_md.o(STACK)

    Global Symbols

    Symbol Name                              Value     Ov Type        Size  Object(Section)

    BuildAttributes$$THM_ISAv4$P$D$K$B$S$PE$A:L22UL41UL21$X:L11$S22US41US21$IEEE1$IW$USESV6$~STKCKD$USESV7$~SHL$OTIME$ROPI$EBA8$MICROLIB$REQ8$PRES8$EABIv2 0x00000000   Number         0  anon$$obj.o ABSOLUTE
    __ARM_use_no_argv                        0x00000000   Number         0  principal.o ABSOLUTE
    __arm_fini_                               - Undefined Weak Reference
    __cpp_initialize__aeabi_                  - Undefined Weak Reference
    __cxa_finalize                            - Undefined Weak Reference
    __decompress                              - Undefined Weak Reference
    _clock_init                               - Undefined Weak Reference
    _microlib_exit                            - Undefined Weak Reference
    __Vectors_Size                           0x000000ec   Number         0  startup_stm32f10x_md.o ABSOLUTE
    __Vectors                                0x08000000   Data           4  startup_stm32f10x_md.o(RESET)
    __Vectors_End                            0x080000ec   Data           0  startup_stm32f10x_md.o(RESET)
    __main                                   0x080000ed   Thumb Code     0  entry.o(.ARM.Collect$$$$00000000)
    _main_stk                                0x080000ed   Thumb Code     0  entry2.o(.ARM.Collect$$$$00000001)
    _main_scatterload                        0x080000f1   Thumb Code     0  entry5.o(.ARM.Collect$$$$00000004)
    __main_after_scatterload                 0x080000f5   Thumb Code     0  entry5.o(.ARM.Collect$$$$00000004)
    _main_clock                              0x080000f5   Thumb Code     0  entry7b.o(.ARM.Collect$$$$00000008)
    _main_cpp_init                           0x080000f5   Thumb Code     0  entry8b.o(.ARM.Collect$$$$0000000A)
    _main_init                               0x080000f5   Thumb Code     0  entry9a.o(.ARM.Collect$$$$0000000B)
    __rt_lib_shutdown_fini                   0x080000fd   Thumb Code     0  entry12b.o(.ARM.Collect$$$$0000000E)
    __rt_final_cpp                           0x08000101   Thumb Code     0  entry10a.o(.ARM.Collect$$$$0000000F)
    __rt_final_exit                          0x08000101   Thumb Code     0  entry11a.o(.ARM.Collect$$$$00000011)
    Reset_Handler                            0x08000105   Thumb Code     8  startup_stm32f10x_md.o(.text)
    NMI_Handler                              0x0800010d   Thumb Code     2  startup_stm32f10x_md.o(.text)
    HardFault_Handler                        0x0800010f   Thumb Code     2  startup_stm32f10x_md.o(.text)
    MemManage_Handler                        0x08000111   Thumb Code     2  startup_stm32f10x_md.o(.text)
    BusFault_Handler                         0x08000113   Thumb Code     2  startup_stm32f10x_md.o(.text)
    UsageFault_Handler                       0x08000115   Thumb Code     2  startup_stm32f10x_md.o(.text)
    SVC_Handler                              0x08000117   Thumb Code     2  startup_stm32f10x_md.o(.text)
    DebugMon_Handler                         0x08000119   Thumb Code     2  startup_stm32f10x_md.o(.text)
    PendSV_Handler                           0x0800011b   Thumb Code     2  startup_stm32f10x_md.o(.text)
    SysTick_Handler                          0x0800011d   Thumb Code     2  startup_stm32f10x_md.o(.text)
    ADC1_2_IRQHandler                        0x0800011f   Thumb Code     0  startup_stm32f10x_md.o(.text)
    CAN1_RX1_IRQHandler                      0x0800011f   Thumb Code     0  startup_stm32f10x_md.o(.text)
    CAN1_SCE_IRQHandler                      0x0800011f   Thumb Code     0  startup_stm32f10x_md.o(.text)
    DMA1_Channel1_IRQHandler                 0x0800011f   Thumb Code     0  startup_stm32f10x_md.o(.text)
    DMA1_Channel2_IRQHandler                 0x0800011f   Thumb Code     0  startup_stm32f10x_md.o(.text)
    DMA1_Channel3_IRQHandler                 0x0800011f   Thumb Code     0  startup_stm32f10x_md.o(.text)
    DMA1_Channel4_IRQHandler                 0x0800011f   Thumb Code     0  startup_stm32f10x_md.o(.text)
    DMA1_Channel5_IRQHandler                 0x0800011f   Thumb Code     0  startup_stm32f10x_md.o(.text)
    DMA1_Channel6_IRQHandler                 0x0800011f   Thumb Code     0  startup_stm32f10x_md.o(.text)
    DMA1_Channel7_IRQHandler                 0x0800011f   Thumb Code     0  startup_stm32f10x_md.o(.text)
    EXTI0_IRQHandler                         0x0800011f   Thumb Code     0  startup_stm32f10x_md.o(.text)
    EXTI15_10_IRQHandler                     0x0800011f   Thumb Code     0  startup_stm32f10x_md.o(.text)
    EXTI1_IRQHandler                         0x0800011f   Thumb Code     0  startup_stm32f10x_md.o(.text)
    EXTI2_IRQHandler                         0x0800011f   Thumb Code     0  startup_stm32f10x_md.o(.text)
    EXTI3_IRQHandler                         0x0800011f   Thumb Code     0  startup_stm32f10x_md.o(.text)
    EXTI4_IRQHandler                         0x0800011f   Thumb Code     0  startup_stm32f10x_md.o(.text)
    EXTI9_5_IRQHandler                       0x0800011f   Thumb Code     0  startup_stm32f10x_md.o(.text)
    FLASH_IRQHandler                         0x0800011f   Thumb Code     0  startup_stm32f10x_md.o(.text)
    I2C1_ER_IRQHandler                       0x0800011f   Thumb Code     0  startup_stm32f10x_md.o(.text)
    I2C1_EV_IRQHandler                       0x0800011f   Thumb Code     0  startup_stm32f10x_md.o(.text)
    I2C2_ER_IRQHandler                       0x0800011f   Thumb Code     0  startup_stm32f10x_md.o(.text)
    I2C2_EV_IRQHandler                       0x0800011f   Thumb Code     0  startup_stm32f10x_md.o(.text)
    PVD_IRQHandler                           0x0800011f   Thumb Code     0  startup_stm32f10x_md.o(.text)
    RCC_IRQHandler                           0x0800011f   Thumb Code     0  startup_stm32f10x_md.o(.text)
    RTCAlarm_IRQHandler                      0x0800011f   Thumb Code     0  startup_stm32f10x_md.o(.text)
    RTC_IRQHandler                           0x0800011f   Thumb Code     0  startup_stm32f10x_md.o(.text)
    SPI1_IRQHandler                          0x0800011f   Thumb Code     0  startup_stm32f10x_md.o(.text)
    SPI2_IRQHandler                          0x0800011f   Thumb Code     0  startup_stm32f10x_md.o(.text)
    TAMPER_IRQHandler                        0x0800011f   Thumb Code     0  startup_stm32f10x_md.o(.text)
    TIM1_BRK_IRQHandler                      0x0800011f   Thumb Code     0  startup_stm32f10x_md.o(.text)
    TIM1_TRG_COM_IRQHandler                  0x0800011f   Thumb Code     0  startup_stm32f10x_md.o(.text)
    TIM1_UP_IRQHandler                       0x0800011f   Thumb Code     0  startup_stm32f10x_md.o(.text)
    USART1_IRQHandler                        0x0800011f   Thumb Code     0  startup_stm32f10x_md.o(.text)
    USART2_IRQHandler                        0x0800011f   Thumb Code     0  startup_stm32f10x_md.o(.text)
    USART3_IRQHandler                        0x0800011f   Thumb Code     0  startup_stm32f10x_md.o(.text)
    USBWakeUp_IRQHandler                     0x0800011f   Thumb Code     0  startup_stm32f10x_md.o(.text)
    USB_HP_CAN1_TX_IRQHandler                0x0800011f   Thumb Code     0  startup_stm32f10x_md.o(.text)
    USB_LP_CAN1_RX0_IRQHandler               0x0800011f   Thumb Code     0  startup_stm32f10x_md.o(.text)
    WWDG_IRQHandler                          0x0800011f   Thumb Code     0  startup_stm32f10x_md.o(.text)
    __aeabi_fmul                             0x08000129   Thumb Code   100  fmul.o(.text)
    __aeabi_i2f                              0x0800018d   Thumb Code    18  fflti.o(.text)
    __aeabi_f2iz                             0x0800019f   Thumb Code    50  ffixi.o(.text)
    __aeabi_cfrcmple                         0x080001d1   Thumb Code    20  cfrcmple.o(.text)
    __I$use$fp                               0x080001e5   Thumb Code     0  iusefp.o(.text)
    _float_round                             0x080001e5   Thumb Code    18  fepilogue.o(.text)
    _float_epilogue                          0x080001f7   Thumb Code    92  fepilogue.o(.text)
    __scatterload                            0x08000255   Thumb Code    28  init.o(.text)
    __scatterload_rt2                        0x08000255   Thumb Code     0  init.o(.text)
    MyGPIO_Init                              0x08000279   Thumb Code    86  mygpio.o(i.MyGPIO_Init)
    MyGPIO_Read                              0x080002cf   Thumb Code    26  mygpio.o(i.MyGPIO_Read)
    MyGPIO_Reset                             0x080002e9   Thumb Code    12  mygpio.o(i.MyGPIO_Reset)
    MyGPIO_Set                               0x080002f5   Thumb Code    12  mygpio.o(i.MyGPIO_Set)
    MyTimer_Base_Init                        0x08000301   Thumb Code   142  mytimer.o(i.MyTimer_Base_Init)
    MyTimer_PWM                              0x080003a1   Thumb Code   126  mytimer.o(i.MyTimer_PWM)
    SystemInit                               0x08000509   Thumb Code    78  system_stm32f10x.o(i.SystemInit)
    TIM1_CC_IRQHandler                       0x08000569   Thumb Code    20  mytimer.o(i.TIM1_CC_IRQHandler)
    TIM2_IRQHandler                          0x08000581   Thumb Code    24  mytimer.o(i.TIM2_IRQHandler)
    TIM3_IRQHandler                          0x08000599   Thumb Code    20  mytimer.o(i.TIM3_IRQHandler)
    TIM4_IRQHandler                          0x080005b1   Thumb Code    20  mytimer.o(i.TIM4_IRQHandler)
    UART_Init                                0x080005c9   Thumb Code   150  myuart.o(i.UART_Init)
    UART_Print                               0x08000681   Thumb Code    44  principal.o(i.UART_Print)
    UART_Receive                             0x080006c1   Thumb Code     8  myuart.o(i.UART_Receive)
    UART_Send                                0x080006c9   Thumb Code    16  myuart.o(i.UART_Send)
    UART_Send_Str                            0x080006d9   Thumb Code    26  myuart.o(i.UART_Send_Str)
    __scatterload_copy                       0x080006f3   Thumb Code    14  handlers.o(i.__scatterload_copy)
    __scatterload_null                       0x08000701   Thumb Code     2  handlers.o(i.__scatterload_null)
    __scatterload_zeroinit                   0x08000703   Thumb Code    14  handlers.o(i.__scatterload_zeroinit)
    angleGirouette                           0x08000711   Thumb Code     8  drivergirouette.o(i.angleGirouette)
    angleToRapportCyclique                   0x0800071d   Thumb Code    18  drivervoiles.o(i.angleToRapportCyclique)
    controleServoMoteur                      0x08000731   Thumb Code    22  drivervoiles.o(i.controleServoMoteur)
    controleVoiles                           0x0800074d   Thumb Code    86  voiles.o(i.controleVoiles)
    initGPIOTimerPWM                         0x080007a5   Thumb Code    24  drivervoiles.o(i.initGPIOTimerPWM)
    init_Incrementation                      0x080007c9   Thumb Code    96  drivergirouette.o(i.init_Incrementation)
    main                                     0x08000849   Thumb Code    70  principal.o(i.main)
    plateau_Init                             0x080008b1   Thumb Code    96  plateau.o(i.plateau_Init)
    set_pulse_pwm_CH2                        0x08000915   Thumb Code    16  mytimer.o(i.set_pulse_pwm_CH2)
    set_pulse_pwm_CH3                        0x08000925   Thumb Code    22  mytimer.o(i.set_pulse_pwm_CH3)
    updateRapport                            0x0800093d   Thumb Code   114  principal.o(i.updateRapport)
    Region$$Table$$Base                      0x080009d0   Number         0  anon$$obj.o(Region$$Table)
    Region$$Table$$Limit                     0x080009f0   Number         0  anon$$obj.o(Region$$Table)
    Timer4                                   0x20000000   Data           8  principal.o(.data)
    GPIOPWM                                  0x20000008   Data           8  principal.o(.data)
    GPIOSens                                 0x20000010   Data           8  principal.o(.data)
    GPIORcv                                  0x20000018   Data           8  principal.o(.data)
    USART                                    0x20000020   Data           4  principal.o(.data)
    value                                    0x20000024   Data           1  principal.o(.data)
    floatValue                               0x20000028   Data           4  principal.o(.data)
    data                                     0x2000002c   Data           4  principal.o(.data)
    cmpt                                     0x20000030   Data           4  principal.o(.data)
    i_uart                                   0x20000034   Data           1  principal.o(.data)
    GPIO_B8                                  0x20000038   Data           8  drivervoiles.o(.data)
    TIMER4                                   0x20000040   Data           8  drivervoiles.o(.data)
    GPIO_A                                   0x20000048   Data           8  drivergirouette.o(.data)
    GPIO_B                                   0x20000050   Data           8  drivergirouette.o(.data)
    GPIO_I                                   0x20000058   Data           8  drivergirouette.o(.data)
    TIMER3                                   0x20000060   Data           8  drivergirouette.o(.data)
    IT_function_UART1                        0x20000068   Data           4  myuart.o(.data)
    IT_function_UART2                        0x2000006c   Data           4  myuart.o(.data)
    IT_function_UART3                        0x20000070   Data           4  myuart.o(.data)
    GPIOA9                                   0x20000074   Data           8  myuart.o(.data)
    GPIOA10                                  0x2000007c   Data           8  myuart.o(.data)
    __initial_sp                             0x20000488   Data           0  startup_stm32f10x_md.o(STACK)



==============================================================================

Memory Map of the image

  Image Entry point : 0x08000105

  Load Region LR_1 (Base: 0x08000000, Size: 0x00000a74, Max: 0xffffffff, ABSOLUTE)

    Execution Region ER_RO (Exec base: 0x08000000, Load base: 0x08000000, Size: 0x000009f0, Max: 0xffffffff, ABSOLUTE)

    Exec Addr    Load Addr    Size         Type   Attr      Idx    E Section Name        Object

    0x08000000   0x08000000   0x000000ec   Data   RO          433    RESET               startup_stm32f10x_md.o
    0x080000ec   0x080000ec   0x00000000   Code   RO          484  * .ARM.Collect$$$$00000000  mc_w.l(entry.o)
    0x080000ec   0x080000ec   0x00000004   Code   RO          495    .ARM.Collect$$$$00000001  mc_w.l(entry2.o)
    0x080000f0   0x080000f0   0x00000004   Code   RO          498    .ARM.Collect$$$$00000004  mc_w.l(entry5.o)
    0x080000f4   0x080000f4   0x00000000   Code   RO          500    .ARM.Collect$$$$00000008  mc_w.l(entry7b.o)
    0x080000f4   0x080000f4   0x00000000   Code   RO          502    .ARM.Collect$$$$0000000A  mc_w.l(entry8b.o)
    0x080000f4   0x080000f4   0x00000008   Code   RO          503    .ARM.Collect$$$$0000000B  mc_w.l(entry9a.o)
    0x080000fc   0x080000fc   0x00000004   Code   RO          510    .ARM.Collect$$$$0000000E  mc_w.l(entry12b.o)
    0x08000100   0x08000100   0x00000000   Code   RO          505    .ARM.Collect$$$$0000000F  mc_w.l(entry10a.o)
    0x08000100   0x08000100   0x00000000   Code   RO          507    .ARM.Collect$$$$00000011  mc_w.l(entry11a.o)
    0x08000100   0x08000100   0x00000004   Code   RO          496    .ARM.Collect$$$$00002712  mc_w.l(entry2.o)
    0x08000104   0x08000104   0x00000024   Code   RO          434  * .text               startup_stm32f10x_md.o
    0x08000128   0x08000128   0x00000064   Code   RO          487    .text               mf_w.l(fmul.o)
    0x0800018c   0x0800018c   0x00000012   Code   RO          489    .text               mf_w.l(fflti.o)
    0x0800019e   0x0800019e   0x00000032   Code   RO          491    .text               mf_w.l(ffixi.o)
    0x080001d0   0x080001d0   0x00000014   Code   RO          493    .text               mf_w.l(cfrcmple.o)
    0x080001e4   0x080001e4   0x00000000   Code   RO          511    .text               mc_w.l(iusefp.o)
    0x080001e4   0x080001e4   0x0000006e   Code   RO          512    .text               mf_w.l(fepilogue.o)
    0x08000252   0x08000252   0x00000002   PAD
    0x08000254   0x08000254   0x00000024   Code   RO          514    .text               mc_w.l(init.o)
    0x08000278   0x08000278   0x00000056   Code   RO          133    i.MyGPIO_Init       mygpio.o
    0x080002ce   0x080002ce   0x0000001a   Code   RO          134    i.MyGPIO_Read       mygpio.o
    0x080002e8   0x080002e8   0x0000000c   Code   RO          135    i.MyGPIO_Reset      mygpio.o
    0x080002f4   0x080002f4   0x0000000c   Code   RO          136    i.MyGPIO_Set        mygpio.o
    0x08000300   0x08000300   0x000000a0   Code   RO          185    i.MyTimer_Base_Init  mytimer.o
    0x080003a0   0x080003a0   0x0000007e   Code   RO          186    i.MyTimer_PWM       mytimer.o
    0x0800041e   0x0800041e   0x00000008   Code   RO          441    i.SetSysClock       system_stm32f10x.o
    0x08000426   0x08000426   0x00000002   PAD
    0x08000428   0x08000428   0x000000e0   Code   RO          442    i.SetSysClockTo72   system_stm32f10x.o
    0x08000508   0x08000508   0x00000060   Code   RO          444    i.SystemInit        system_stm32f10x.o
    0x08000568   0x08000568   0x00000018   Code   RO          187    i.TIM1_CC_IRQHandler  mytimer.o
    0x08000580   0x08000580   0x00000018   Code   RO          188    i.TIM2_IRQHandler   mytimer.o
    0x08000598   0x08000598   0x00000018   Code   RO          189    i.TIM3_IRQHandler   mytimer.o
    0x080005b0   0x080005b0   0x00000018   Code   RO          190    i.TIM4_IRQHandler   mytimer.o
    0x080005c8   0x080005c8   0x000000b8   Code   RO          316    i.UART_Init         myuart.o
    0x08000680   0x08000680   0x00000040   Code   RO            4    i.UART_Print        principal.o
    0x080006c0   0x080006c0   0x00000008   Code   RO          317    i.UART_Receive      myuart.o
    0x080006c8   0x080006c8   0x00000010   Code   RO          318    i.UART_Send         myuart.o
    0x080006d8   0x080006d8   0x0000001a   Code   RO          319    i.UART_Send_Str     myuart.o
    0x080006f2   0x080006f2   0x0000000e   Code   RO          518    i.__scatterload_copy  mc_w.l(handlers.o)
    0x08000700   0x08000700   0x00000002   Code   RO          519    i.__scatterload_null  mc_w.l(handlers.o)
    0x08000702   0x08000702   0x0000000e   Code   RO          520    i.__scatterload_zeroinit  mc_w.l(handlers.o)
    0x08000710   0x08000710   0x0000000c   Code   RO          282    i.angleGirouette    drivergirouette.o
    0x0800071c   0x0800071c   0x00000012   Code   RO           94    i.angleToRapportCyclique  drivervoiles.o
    0x0800072e   0x0800072e   0x00000002   PAD
    0x08000730   0x08000730   0x0000001c   Code   RO           95    i.controleServoMoteur  drivervoiles.o
    0x0800074c   0x0800074c   0x00000056   Code   RO          400    i.controleVoiles    voiles.o
    0x080007a2   0x080007a2   0x00000002   PAD
    0x080007a4   0x080007a4   0x00000024   Code   RO           96    i.initGPIOTimerPWM  drivervoiles.o
    0x080007c8   0x080007c8   0x00000080   Code   RO          283    i.init_Incrementation  drivergirouette.o
    0x08000848   0x08000848   0x00000068   Code   RO            5    i.main              principal.o
    0x080008b0   0x080008b0   0x00000064   Code   RO          376    i.plateau_Init      plateau.o
    0x08000914   0x08000914   0x00000010   Code   RO          194    i.set_pulse_pwm_CH2  mytimer.o
    0x08000924   0x08000924   0x00000016   Code   RO          195    i.set_pulse_pwm_CH3  mytimer.o
    0x0800093a   0x0800093a   0x00000002   PAD
    0x0800093c   0x0800093c   0x0000008c   Code   RO            6    i.updateRapport     principal.o
    0x080009c8   0x080009c8   0x00000006   Data   RO            7    .conststring        principal.o
    0x080009ce   0x080009ce   0x00000002   PAD
    0x080009d0   0x080009d0   0x00000020   Data   RO          516    Region$$Table       anon$$obj.o


    Execution Region ER_RW (Exec base: 0x20000000, Load base: 0x080009f0, Size: 0x00000084, Max: 0xffffffff, ABSOLUTE)

    Exec Addr    Load Addr    Size         Type   Attr      Idx    E Section Name        Object

    0x20000000   0x080009f0   0x00000035   Data   RW            8    .data               principal.o
    0x20000035   0x08000a25   0x00000003   PAD
    0x20000038   0x08000a28   0x00000010   Data   RW           97    .data               drivervoiles.o
    0x20000048   0x08000a38   0x00000020   Data   RW          284    .data               drivergirouette.o
    0x20000068   0x08000a58   0x0000001c   Data   RW          322    .data               myuart.o


    Execution Region ER_ZI (Exec base: 0x20000084, Load base: 0x08000a74, Size: 0x00000404, Max: 0xffffffff, ABSOLUTE)

    Exec Addr    Load Addr    Size         Type   Attr      Idx    E Section Name        Object

    0x20000084   0x08000a74   0x00000004   PAD
    0x20000088        -       0x00000400   Zero   RW          431    STACK               startup_stm32f10x_md.o


==============================================================================

Image component sizes


      Code (inc. data)   RO Data    RW Data    ZI Data      Debug   Object Name

       140         36          0         32          0       1241   drivergirouette.o
        82         18          0         16          0       1699   drivervoiles.o
       136          0          0          0          0       2356   mygpio.o
       420         30          0          0          0       4317   mytimer.o
       234         34          0         28          0       2818   myuart.o
       100          4          0          0          0       1043   plateau.o
       308         80          6         53          0     209758   principal.o
        36          8        236          0       1024        796   startup_stm32f10x_md.o
       328         28          0          0          0       1925   system_stm32f10x.o
        86          0          0          0          0        573   voiles.o

    ----------------------------------------------------------------------
      1878        238        276        132       1028     226526   Object Totals
         0          0         32          0          0          0   (incl. Generated)
         8          0          2          3          4          0   (incl. Padding)

    ----------------------------------------------------------------------

      Code (inc. data)   RO Data    RW Data    ZI Data      Debug   Library Member Name

         0          0          0          0          0          0   entry.o
         0          0          0          0          0          0   entry10a.o
         0          0          0          0          0          0   entry11a.o
         4          0          0          0          0          0   entry12b.o
         8          4          0          0          0          0   entry2.o
         4          0          0          0          0          0   entry5.o
         0          0          0          0          0          0   entry7b.o
         0          0          0          0          0          0   entry8b.o
         8          4          0          0          0          0   entry9a.o
        30          0          0          0          0          0   handlers.o
        36          8          0          0          0         68   init.o
         0          0          0          0          0          0   iusefp.o
        20          0          0          0          0         68   cfrcmple.o
       110          0          0          0          0        168   fepilogue.o
        50          0          0          0          0         68   ffixi.o
        18          0          0          0          0         68   fflti.o
       100          0          0          0          0         76   fmul.o

    ----------------------------------------------------------------------
       390         16          0          0          0        516   Library Totals
         2          0          0          0          0          0   (incl. Padding)

    ----------------------------------------------------------------------

      Code (inc. data)   RO Data    RW Data    ZI Data      Debug   Library Name

        90         16          0          0          0         68   mc_w.l
       298          0          0          0          0        448   mf_w.l

    ----------------------------------------------------------------------
       390         16          0          0          0        516   Library Totals

    ----------------------------------------------------------------------

==============================================================================


      Code (inc. data)   RO Data    RW Data    ZI Data      Debug   

      2268        254        276        132       1028     225738   Grand Totals
      2268        254        276        132       1028     225738   ELF Image Totals
      2268        254        276        132          0          0   ROM Totals

==============================================================================

    Total RO  Size (Code + RO Data)                 2544 (   2.48kB)
    Total RW  Size (RW Data + ZI Data)              1160 (   1.13kB)
    Total ROM Size (Code + RO Data + RW Data)       2676 (   2.61kB)

==============================================================================

